Archive member included to satisfy reference by file (symbol)

c:/st/stm32cubeide_1.7.0/stm32cubeide/plugins/com.st.stm32cube.ide.mcu.externaltools.gnu-tools-for-stm32.9-2020-q2-update.win32_2.0.0.202105311346/tools/bin/../lib/gcc/arm-none-eabi/9.3.1/../../../../arm-none-eabi/lib/thumb/v7e-m+fp/hard\libc_nano.a(lib_a-exit.o)
                              c:/st/stm32cubeide_1.7.0/stm32cubeide/plugins/com.st.stm32cube.ide.mcu.externaltools.gnu-tools-for-stm32.9-2020-q2-update.win32_2.0.0.202105311346/tools/bin/../lib/gcc/arm-none-eabi/9.3.1/../../../../arm-none-eabi/lib/thumb/v7e-m+fp/hard/crt0.o (exit)
c:/st/stm32cubeide_1.7.0/stm32cubeide/plugins/com.st.stm32cube.ide.mcu.externaltools.gnu-tools-for-stm32.9-2020-q2-update.win32_2.0.0.202105311346/tools/bin/../lib/gcc/arm-none-eabi/9.3.1/../../../../arm-none-eabi/lib/thumb/v7e-m+fp/hard\libc_nano.a(lib_a-impure.o)
                              c:/st/stm32cubeide_1.7.0/stm32cubeide/plugins/com.st.stm32cube.ide.mcu.externaltools.gnu-tools-for-stm32.9-2020-q2-update.win32_2.0.0.202105311346/tools/bin/../lib/gcc/arm-none-eabi/9.3.1/../../../../arm-none-eabi/lib/thumb/v7e-m+fp/hard\libc_nano.a(lib_a-exit.o) (_global_impure_ptr)
c:/st/stm32cubeide_1.7.0/stm32cubeide/plugins/com.st.stm32cube.ide.mcu.externaltools.gnu-tools-for-stm32.9-2020-q2-update.win32_2.0.0.202105311346/tools/bin/../lib/gcc/arm-none-eabi/9.3.1/../../../../arm-none-eabi/lib/thumb/v7e-m+fp/hard\libc_nano.a(lib_a-init.o)
                              c:/st/stm32cubeide_1.7.0/stm32cubeide/plugins/com.st.stm32cube.ide.mcu.externaltools.gnu-tools-for-stm32.9-2020-q2-update.win32_2.0.0.202105311346/tools/bin/../lib/gcc/arm-none-eabi/9.3.1/../../../../arm-none-eabi/lib/thumb/v7e-m+fp/hard/crt0.o (__libc_init_array)
c:/st/stm32cubeide_1.7.0/stm32cubeide/plugins/com.st.stm32cube.ide.mcu.externaltools.gnu-tools-for-stm32.9-2020-q2-update.win32_2.0.0.202105311346/tools/bin/../lib/gcc/arm-none-eabi/9.3.1/../../../../arm-none-eabi/lib/thumb/v7e-m+fp/hard\libc_nano.a(lib_a-memset.o)
                              c:/st/stm32cubeide_1.7.0/stm32cubeide/plugins/com.st.stm32cube.ide.mcu.externaltools.gnu-tools-for-stm32.9-2020-q2-update.win32_2.0.0.202105311346/tools/bin/../lib/gcc/arm-none-eabi/9.3.1/../../../../arm-none-eabi/lib/thumb/v7e-m+fp/hard/crt0.o (memset)
c:/st/stm32cubeide_1.7.0/stm32cubeide/plugins/com.st.stm32cube.ide.mcu.externaltools.gnu-tools-for-stm32.9-2020-q2-update.win32_2.0.0.202105311346/tools/bin/../lib/gcc/arm-none-eabi/9.3.1/../../../../arm-none-eabi/lib/thumb/v7e-m+fp/hard\libnosys.a(_exit.o)
                              c:/st/stm32cubeide_1.7.0/stm32cubeide/plugins/com.st.stm32cube.ide.mcu.externaltools.gnu-tools-for-stm32.9-2020-q2-update.win32_2.0.0.202105311346/tools/bin/../lib/gcc/arm-none-eabi/9.3.1/../../../../arm-none-eabi/lib/thumb/v7e-m+fp/hard\libc_nano.a(lib_a-exit.o) (_exit)

Allocating common symbols
Common symbol       size              file

temp2               0x4               ./Core/Src/main.o
temp5               0x4               ./Core/Src/main.o
temp1               0x4               ./Core/Src/main.o
temp4               0x4               ./Core/Src/main.o
temp3               0x4               ./Core/Src/main.o

Discarded input sections

 .text          0x0000000000000000        0x0 c:/st/stm32cubeide_1.7.0/stm32cubeide/plugins/com.st.stm32cube.ide.mcu.externaltools.gnu-tools-for-stm32.9-2020-q2-update.win32_2.0.0.202105311346/tools/bin/../lib/gcc/arm-none-eabi/9.3.1/thumb/v7e-m+fp/hard/crti.o
 .data          0x0000000000000000        0x0 c:/st/stm32cubeide_1.7.0/stm32cubeide/plugins/com.st.stm32cube.ide.mcu.externaltools.gnu-tools-for-stm32.9-2020-q2-update.win32_2.0.0.202105311346/tools/bin/../lib/gcc/arm-none-eabi/9.3.1/thumb/v7e-m+fp/hard/crti.o
 .bss           0x0000000000000000        0x0 c:/st/stm32cubeide_1.7.0/stm32cubeide/plugins/com.st.stm32cube.ide.mcu.externaltools.gnu-tools-for-stm32.9-2020-q2-update.win32_2.0.0.202105311346/tools/bin/../lib/gcc/arm-none-eabi/9.3.1/thumb/v7e-m+fp/hard/crti.o
 .data          0x0000000000000000        0x4 c:/st/stm32cubeide_1.7.0/stm32cubeide/plugins/com.st.stm32cube.ide.mcu.externaltools.gnu-tools-for-stm32.9-2020-q2-update.win32_2.0.0.202105311346/tools/bin/../lib/gcc/arm-none-eabi/9.3.1/thumb/v7e-m+fp/hard/crtbegin.o
 .text          0x0000000000000000       0x7c c:/st/stm32cubeide_1.7.0/stm32cubeide/plugins/com.st.stm32cube.ide.mcu.externaltools.gnu-tools-for-stm32.9-2020-q2-update.win32_2.0.0.202105311346/tools/bin/../lib/gcc/arm-none-eabi/9.3.1/../../../../arm-none-eabi/lib/thumb/v7e-m+fp/hard/crt0.o
 .data          0x0000000000000000        0x0 c:/st/stm32cubeide_1.7.0/stm32cubeide/plugins/com.st.stm32cube.ide.mcu.externaltools.gnu-tools-for-stm32.9-2020-q2-update.win32_2.0.0.202105311346/tools/bin/../lib/gcc/arm-none-eabi/9.3.1/../../../../arm-none-eabi/lib/thumb/v7e-m+fp/hard/crt0.o
 .bss           0x0000000000000000        0x0 c:/st/stm32cubeide_1.7.0/stm32cubeide/plugins/com.st.stm32cube.ide.mcu.externaltools.gnu-tools-for-stm32.9-2020-q2-update.win32_2.0.0.202105311346/tools/bin/../lib/gcc/arm-none-eabi/9.3.1/../../../../arm-none-eabi/lib/thumb/v7e-m+fp/hard/crt0.o
 .ARM.extab     0x0000000000000000        0x0 c:/st/stm32cubeide_1.7.0/stm32cubeide/plugins/com.st.stm32cube.ide.mcu.externaltools.gnu-tools-for-stm32.9-2020-q2-update.win32_2.0.0.202105311346/tools/bin/../lib/gcc/arm-none-eabi/9.3.1/../../../../arm-none-eabi/lib/thumb/v7e-m+fp/hard/crt0.o
 .ARM.exidx     0x0000000000000000       0x10 c:/st/stm32cubeide_1.7.0/stm32cubeide/plugins/com.st.stm32cube.ide.mcu.externaltools.gnu-tools-for-stm32.9-2020-q2-update.win32_2.0.0.202105311346/tools/bin/../lib/gcc/arm-none-eabi/9.3.1/../../../../arm-none-eabi/lib/thumb/v7e-m+fp/hard/crt0.o
 .ARM.attributes
                0x0000000000000000       0x1c c:/st/stm32cubeide_1.7.0/stm32cubeide/plugins/com.st.stm32cube.ide.mcu.externaltools.gnu-tools-for-stm32.9-2020-q2-update.win32_2.0.0.202105311346/tools/bin/../lib/gcc/arm-none-eabi/9.3.1/../../../../arm-none-eabi/lib/thumb/v7e-m+fp/hard/crt0.o
 .group         0x0000000000000000        0xc ./Core/Src/GPIO.o
 .group         0x0000000000000000        0xc ./Core/Src/GPIO.o
 .group         0x0000000000000000        0xc ./Core/Src/GPIO.o
 .group         0x0000000000000000        0xc ./Core/Src/GPIO.o
 .group         0x0000000000000000        0xc ./Core/Src/GPIO.o
 .group         0x0000000000000000        0xc ./Core/Src/GPIO.o
 .group         0x0000000000000000        0xc ./Core/Src/GPIO.o
 .group         0x0000000000000000        0xc ./Core/Src/GPIO.o
 .group         0x0000000000000000        0xc ./Core/Src/GPIO.o
 .group         0x0000000000000000        0xc ./Core/Src/GPIO.o
 .group         0x0000000000000000        0xc ./Core/Src/GPIO.o
 .group         0x0000000000000000        0xc ./Core/Src/GPIO.o
 .group         0x0000000000000000        0xc ./Core/Src/GPIO.o
 .group         0x0000000000000000        0xc ./Core/Src/GPIO.o
 .group         0x0000000000000000        0xc ./Core/Src/GPIO.o
 .text          0x0000000000000000        0x0 ./Core/Src/GPIO.o
 .data          0x0000000000000000        0x0 ./Core/Src/GPIO.o
 .bss           0x0000000000000000        0x0 ./Core/Src/GPIO.o
 .text.GPIO_ReadPin
                0x0000000000000000       0x4c ./Core/Src/GPIO.o
 .group         0x0000000000000000        0xc ./Core/Src/main.o
 .group         0x0000000000000000        0xc ./Core/Src/main.o
 .group         0x0000000000000000        0xc ./Core/Src/main.o
 .group         0x0000000000000000        0xc ./Core/Src/main.o
 .group         0x0000000000000000        0xc ./Core/Src/main.o
 .group         0x0000000000000000        0xc ./Core/Src/main.o
 .group         0x0000000000000000        0xc ./Core/Src/main.o
 .group         0x0000000000000000        0xc ./Core/Src/main.o
 .group         0x0000000000000000        0xc ./Core/Src/main.o
 .group         0x0000000000000000        0xc ./Core/Src/main.o
 .group         0x0000000000000000        0xc ./Core/Src/main.o
 .group         0x0000000000000000        0xc ./Core/Src/main.o
 .group         0x0000000000000000        0xc ./Core/Src/main.o
 .group         0x0000000000000000        0xc ./Core/Src/main.o
 .group         0x0000000000000000        0xc ./Core/Src/main.o
 .group         0x0000000000000000        0xc ./Core/Src/main.o
 .text          0x0000000000000000        0x0 ./Core/Src/main.o
 .data          0x0000000000000000        0x0 ./Core/Src/main.o
 .bss           0x0000000000000000        0x0 ./Core/Src/main.o
 .debug_macro   0x0000000000000000      0xaa2 ./Core/Src/main.o
 .debug_macro   0x0000000000000000       0x28 ./Core/Src/main.o
 .debug_macro   0x0000000000000000       0x22 ./Core/Src/main.o
 .debug_macro   0x0000000000000000       0x8e ./Core/Src/main.o
 .debug_macro   0x0000000000000000       0x51 ./Core/Src/main.o
 .debug_macro   0x0000000000000000      0x103 ./Core/Src/main.o
 .debug_macro   0x0000000000000000       0x6a ./Core/Src/main.o
 .debug_macro   0x0000000000000000      0x1df ./Core/Src/main.o
 .debug_macro   0x0000000000000000       0x1c ./Core/Src/main.o
 .debug_macro   0x0000000000000000       0x22 ./Core/Src/main.o
 .debug_macro   0x0000000000000000       0xdf ./Core/Src/main.o
 .debug_macro   0x0000000000000000     0x102d ./Core/Src/main.o
 .debug_macro   0x0000000000000000      0x11f ./Core/Src/main.o
 .debug_macro   0x0000000000000000     0xb86c ./Core/Src/main.o
 .debug_macro   0x0000000000000000       0x46 ./Core/Src/main.o
 .group         0x0000000000000000        0xc ./Core/Src/system_stm32f4xx.o
 .group         0x0000000000000000        0xc ./Core/Src/system_stm32f4xx.o
 .group         0x0000000000000000        0xc ./Core/Src/system_stm32f4xx.o
 .group         0x0000000000000000        0xc ./Core/Src/system_stm32f4xx.o
 .group         0x0000000000000000        0xc ./Core/Src/system_stm32f4xx.o
 .group         0x0000000000000000        0xc ./Core/Src/system_stm32f4xx.o
 .group         0x0000000000000000        0xc ./Core/Src/system_stm32f4xx.o
 .group         0x0000000000000000        0xc ./Core/Src/system_stm32f4xx.o
 .group         0x0000000000000000        0xc ./Core/Src/system_stm32f4xx.o
 .group         0x0000000000000000        0xc ./Core/Src/system_stm32f4xx.o
 .group         0x0000000000000000        0xc ./Core/Src/system_stm32f4xx.o
 .group         0x0000000000000000        0xc ./Core/Src/system_stm32f4xx.o
 .group         0x0000000000000000        0xc ./Core/Src/system_stm32f4xx.o
 .group         0x0000000000000000        0xc ./Core/Src/system_stm32f4xx.o
 .group         0x0000000000000000        0xc ./Core/Src/system_stm32f4xx.o
 .group         0x0000000000000000        0xc ./Core/Src/system_stm32f4xx.o
 .text          0x0000000000000000        0x0 ./Core/Src/system_stm32f4xx.o
 .data          0x0000000000000000        0x0 ./Core/Src/system_stm32f4xx.o
 .bss           0x0000000000000000        0x0 ./Core/Src/system_stm32f4xx.o
 .data.SystemCoreClock
                0x0000000000000000        0x4 ./Core/Src/system_stm32f4xx.o
 .rodata.AHBPrescTable
                0x0000000000000000       0x10 ./Core/Src/system_stm32f4xx.o
 .rodata.APBPrescTable
                0x0000000000000000        0x8 ./Core/Src/system_stm32f4xx.o
 .text.SystemCoreClockUpdate
                0x0000000000000000      0x100 ./Core/Src/system_stm32f4xx.o
 .debug_macro   0x0000000000000000      0xaa2 ./Core/Src/system_stm32f4xx.o
 .debug_macro   0x0000000000000000       0x28 ./Core/Src/system_stm32f4xx.o
 .debug_macro   0x0000000000000000       0x22 ./Core/Src/system_stm32f4xx.o
 .debug_macro   0x0000000000000000       0x8e ./Core/Src/system_stm32f4xx.o
 .debug_macro   0x0000000000000000       0x51 ./Core/Src/system_stm32f4xx.o
 .debug_macro   0x0000000000000000      0x103 ./Core/Src/system_stm32f4xx.o
 .debug_macro   0x0000000000000000       0x6a ./Core/Src/system_stm32f4xx.o
 .debug_macro   0x0000000000000000      0x1df ./Core/Src/system_stm32f4xx.o
 .debug_macro   0x0000000000000000       0x1c ./Core/Src/system_stm32f4xx.o
 .debug_macro   0x0000000000000000       0x22 ./Core/Src/system_stm32f4xx.o
 .debug_macro   0x0000000000000000       0xdf ./Core/Src/system_stm32f4xx.o
 .debug_macro   0x0000000000000000     0x102d ./Core/Src/system_stm32f4xx.o
 .debug_macro   0x0000000000000000      0x11f ./Core/Src/system_stm32f4xx.o
 .debug_macro   0x0000000000000000     0xb86c ./Core/Src/system_stm32f4xx.o
 .text          0x0000000000000000       0x14 ./Core/Startup/startup_stm32f401ccux.o
 .data          0x0000000000000000        0x0 ./Core/Startup/startup_stm32f401ccux.o
 .bss           0x0000000000000000        0x0 ./Core/Startup/startup_stm32f401ccux.o
 .text          0x0000000000000000        0x0 c:/st/stm32cubeide_1.7.0/stm32cubeide/plugins/com.st.stm32cube.ide.mcu.externaltools.gnu-tools-for-stm32.9-2020-q2-update.win32_2.0.0.202105311346/tools/bin/../lib/gcc/arm-none-eabi/9.3.1/../../../../arm-none-eabi/lib/thumb/v7e-m+fp/hard\libc_nano.a(lib_a-exit.o)
 .data          0x0000000000000000        0x0 c:/st/stm32cubeide_1.7.0/stm32cubeide/plugins/com.st.stm32cube.ide.mcu.externaltools.gnu-tools-for-stm32.9-2020-q2-update.win32_2.0.0.202105311346/tools/bin/../lib/gcc/arm-none-eabi/9.3.1/../../../../arm-none-eabi/lib/thumb/v7e-m+fp/hard\libc_nano.a(lib_a-exit.o)
 .bss           0x0000000000000000        0x0 c:/st/stm32cubeide_1.7.0/stm32cubeide/plugins/com.st.stm32cube.ide.mcu.externaltools.gnu-tools-for-stm32.9-2020-q2-update.win32_2.0.0.202105311346/tools/bin/../lib/gcc/arm-none-eabi/9.3.1/../../../../arm-none-eabi/lib/thumb/v7e-m+fp/hard\libc_nano.a(lib_a-exit.o)
 .text.exit     0x0000000000000000       0x28 c:/st/stm32cubeide_1.7.0/stm32cubeide/plugins/com.st.stm32cube.ide.mcu.externaltools.gnu-tools-for-stm32.9-2020-q2-update.win32_2.0.0.202105311346/tools/bin/../lib/gcc/arm-none-eabi/9.3.1/../../../../arm-none-eabi/lib/thumb/v7e-m+fp/hard\libc_nano.a(lib_a-exit.o)
 .debug_frame   0x0000000000000000       0x28 c:/st/stm32cubeide_1.7.0/stm32cubeide/plugins/com.st.stm32cube.ide.mcu.externaltools.gnu-tools-for-stm32.9-2020-q2-update.win32_2.0.0.202105311346/tools/bin/../lib/gcc/arm-none-eabi/9.3.1/../../../../arm-none-eabi/lib/thumb/v7e-m+fp/hard\libc_nano.a(lib_a-exit.o)
 .ARM.attributes
                0x0000000000000000       0x34 c:/st/stm32cubeide_1.7.0/stm32cubeide/plugins/com.st.stm32cube.ide.mcu.externaltools.gnu-tools-for-stm32.9-2020-q2-update.win32_2.0.0.202105311346/tools/bin/../lib/gcc/arm-none-eabi/9.3.1/../../../../arm-none-eabi/lib/thumb/v7e-m+fp/hard\libc_nano.a(lib_a-exit.o)
 .text          0x0000000000000000        0x0 c:/st/stm32cubeide_1.7.0/stm32cubeide/plugins/com.st.stm32cube.ide.mcu.externaltools.gnu-tools-for-stm32.9-2020-q2-update.win32_2.0.0.202105311346/tools/bin/../lib/gcc/arm-none-eabi/9.3.1/../../../../arm-none-eabi/lib/thumb/v7e-m+fp/hard\libc_nano.a(lib_a-impure.o)
 .data          0x0000000000000000        0x0 c:/st/stm32cubeide_1.7.0/stm32cubeide/plugins/com.st.stm32cube.ide.mcu.externaltools.gnu-tools-for-stm32.9-2020-q2-update.win32_2.0.0.202105311346/tools/bin/../lib/gcc/arm-none-eabi/9.3.1/../../../../arm-none-eabi/lib/thumb/v7e-m+fp/hard\libc_nano.a(lib_a-impure.o)
 .bss           0x0000000000000000        0x0 c:/st/stm32cubeide_1.7.0/stm32cubeide/plugins/com.st.stm32cube.ide.mcu.externaltools.gnu-tools-for-stm32.9-2020-q2-update.win32_2.0.0.202105311346/tools/bin/../lib/gcc/arm-none-eabi/9.3.1/../../../../arm-none-eabi/lib/thumb/v7e-m+fp/hard\libc_nano.a(lib_a-impure.o)
 .data._impure_ptr
                0x0000000000000000        0x4 c:/st/stm32cubeide_1.7.0/stm32cubeide/plugins/com.st.stm32cube.ide.mcu.externaltools.gnu-tools-for-stm32.9-2020-q2-update.win32_2.0.0.202105311346/tools/bin/../lib/gcc/arm-none-eabi/9.3.1/../../../../arm-none-eabi/lib/thumb/v7e-m+fp/hard\libc_nano.a(lib_a-impure.o)
 .data.impure_data
                0x0000000000000000       0x60 c:/st/stm32cubeide_1.7.0/stm32cubeide/plugins/com.st.stm32cube.ide.mcu.externaltools.gnu-tools-for-stm32.9-2020-q2-update.win32_2.0.0.202105311346/tools/bin/../lib/gcc/arm-none-eabi/9.3.1/../../../../arm-none-eabi/lib/thumb/v7e-m+fp/hard\libc_nano.a(lib_a-impure.o)
 .rodata._global_impure_ptr
                0x0000000000000000        0x4 c:/st/stm32cubeide_1.7.0/stm32cubeide/plugins/com.st.stm32cube.ide.mcu.externaltools.gnu-tools-for-stm32.9-2020-q2-update.win32_2.0.0.202105311346/tools/bin/../lib/gcc/arm-none-eabi/9.3.1/../../../../arm-none-eabi/lib/thumb/v7e-m+fp/hard\libc_nano.a(lib_a-impure.o)
 .ARM.attributes
                0x0000000000000000       0x32 c:/st/stm32cubeide_1.7.0/stm32cubeide/plugins/com.st.stm32cube.ide.mcu.externaltools.gnu-tools-for-stm32.9-2020-q2-update.win32_2.0.0.202105311346/tools/bin/../lib/gcc/arm-none-eabi/9.3.1/../../../../arm-none-eabi/lib/thumb/v7e-m+fp/hard\libc_nano.a(lib_a-impure.o)
 .text          0x0000000000000000        0x0 c:/st/stm32cubeide_1.7.0/stm32cubeide/plugins/com.st.stm32cube.ide.mcu.externaltools.gnu-tools-for-stm32.9-2020-q2-update.win32_2.0.0.202105311346/tools/bin/../lib/gcc/arm-none-eabi/9.3.1/../../../../arm-none-eabi/lib/thumb/v7e-m+fp/hard\libc_nano.a(lib_a-init.o)
 .data          0x0000000000000000        0x0 c:/st/stm32cubeide_1.7.0/stm32cubeide/plugins/com.st.stm32cube.ide.mcu.externaltools.gnu-tools-for-stm32.9-2020-q2-update.win32_2.0.0.202105311346/tools/bin/../lib/gcc/arm-none-eabi/9.3.1/../../../../arm-none-eabi/lib/thumb/v7e-m+fp/hard\libc_nano.a(lib_a-init.o)
 .bss           0x0000000000000000        0x0 c:/st/stm32cubeide_1.7.0/stm32cubeide/plugins/com.st.stm32cube.ide.mcu.externaltools.gnu-tools-for-stm32.9-2020-q2-update.win32_2.0.0.202105311346/tools/bin/../lib/gcc/arm-none-eabi/9.3.1/../../../../arm-none-eabi/lib/thumb/v7e-m+fp/hard\libc_nano.a(lib_a-init.o)
 .text          0x0000000000000000        0x0 c:/st/stm32cubeide_1.7.0/stm32cubeide/plugins/com.st.stm32cube.ide.mcu.externaltools.gnu-tools-for-stm32.9-2020-q2-update.win32_2.0.0.202105311346/tools/bin/../lib/gcc/arm-none-eabi/9.3.1/../../../../arm-none-eabi/lib/thumb/v7e-m+fp/hard\libc_nano.a(lib_a-memset.o)
 .data          0x0000000000000000        0x0 c:/st/stm32cubeide_1.7.0/stm32cubeide/plugins/com.st.stm32cube.ide.mcu.externaltools.gnu-tools-for-stm32.9-2020-q2-update.win32_2.0.0.202105311346/tools/bin/../lib/gcc/arm-none-eabi/9.3.1/../../../../arm-none-eabi/lib/thumb/v7e-m+fp/hard\libc_nano.a(lib_a-memset.o)
 .bss           0x0000000000000000        0x0 c:/st/stm32cubeide_1.7.0/stm32cubeide/plugins/com.st.stm32cube.ide.mcu.externaltools.gnu-tools-for-stm32.9-2020-q2-update.win32_2.0.0.202105311346/tools/bin/../lib/gcc/arm-none-eabi/9.3.1/../../../../arm-none-eabi/lib/thumb/v7e-m+fp/hard\libc_nano.a(lib_a-memset.o)
 .text.memset   0x0000000000000000       0x10 c:/st/stm32cubeide_1.7.0/stm32cubeide/plugins/com.st.stm32cube.ide.mcu.externaltools.gnu-tools-for-stm32.9-2020-q2-update.win32_2.0.0.202105311346/tools/bin/../lib/gcc/arm-none-eabi/9.3.1/../../../../arm-none-eabi/lib/thumb/v7e-m+fp/hard\libc_nano.a(lib_a-memset.o)
 .debug_frame   0x0000000000000000       0x20 c:/st/stm32cubeide_1.7.0/stm32cubeide/plugins/com.st.stm32cube.ide.mcu.externaltools.gnu-tools-for-stm32.9-2020-q2-update.win32_2.0.0.202105311346/tools/bin/../lib/gcc/arm-none-eabi/9.3.1/../../../../arm-none-eabi/lib/thumb/v7e-m+fp/hard\libc_nano.a(lib_a-memset.o)
 .ARM.attributes
                0x0000000000000000       0x34 c:/st/stm32cubeide_1.7.0/stm32cubeide/plugins/com.st.stm32cube.ide.mcu.externaltools.gnu-tools-for-stm32.9-2020-q2-update.win32_2.0.0.202105311346/tools/bin/../lib/gcc/arm-none-eabi/9.3.1/../../../../arm-none-eabi/lib/thumb/v7e-m+fp/hard\libc_nano.a(lib_a-memset.o)
 .text          0x0000000000000000        0x0 c:/st/stm32cubeide_1.7.0/stm32cubeide/plugins/com.st.stm32cube.ide.mcu.externaltools.gnu-tools-for-stm32.9-2020-q2-update.win32_2.0.0.202105311346/tools/bin/../lib/gcc/arm-none-eabi/9.3.1/../../../../arm-none-eabi/lib/thumb/v7e-m+fp/hard\libnosys.a(_exit.o)
 .data          0x0000000000000000        0x0 c:/st/stm32cubeide_1.7.0/stm32cubeide/plugins/com.st.stm32cube.ide.mcu.externaltools.gnu-tools-for-stm32.9-2020-q2-update.win32_2.0.0.202105311346/tools/bin/../lib/gcc/arm-none-eabi/9.3.1/../../../../arm-none-eabi/lib/thumb/v7e-m+fp/hard\libnosys.a(_exit.o)
 .bss           0x0000000000000000        0x0 c:/st/stm32cubeide_1.7.0/stm32cubeide/plugins/com.st.stm32cube.ide.mcu.externaltools.gnu-tools-for-stm32.9-2020-q2-update.win32_2.0.0.202105311346/tools/bin/../lib/gcc/arm-none-eabi/9.3.1/../../../../arm-none-eabi/lib/thumb/v7e-m+fp/hard\libnosys.a(_exit.o)
 .text._exit    0x0000000000000000        0x2 c:/st/stm32cubeide_1.7.0/stm32cubeide/plugins/com.st.stm32cube.ide.mcu.externaltools.gnu-tools-for-stm32.9-2020-q2-update.win32_2.0.0.202105311346/tools/bin/../lib/gcc/arm-none-eabi/9.3.1/../../../../arm-none-eabi/lib/thumb/v7e-m+fp/hard\libnosys.a(_exit.o)
 .debug_frame   0x0000000000000000       0x20 c:/st/stm32cubeide_1.7.0/stm32cubeide/plugins/com.st.stm32cube.ide.mcu.externaltools.gnu-tools-for-stm32.9-2020-q2-update.win32_2.0.0.202105311346/tools/bin/../lib/gcc/arm-none-eabi/9.3.1/../../../../arm-none-eabi/lib/thumb/v7e-m+fp/hard\libnosys.a(_exit.o)
 .ARM.attributes
                0x0000000000000000       0x34 c:/st/stm32cubeide_1.7.0/stm32cubeide/plugins/com.st.stm32cube.ide.mcu.externaltools.gnu-tools-for-stm32.9-2020-q2-update.win32_2.0.0.202105311346/tools/bin/../lib/gcc/arm-none-eabi/9.3.1/../../../../arm-none-eabi/lib/thumb/v7e-m+fp/hard\libnosys.a(_exit.o)
 .text          0x0000000000000000        0x0 c:/st/stm32cubeide_1.7.0/stm32cubeide/plugins/com.st.stm32cube.ide.mcu.externaltools.gnu-tools-for-stm32.9-2020-q2-update.win32_2.0.0.202105311346/tools/bin/../lib/gcc/arm-none-eabi/9.3.1/thumb/v7e-m+fp/hard/crtend.o
 .data          0x0000000000000000        0x0 c:/st/stm32cubeide_1.7.0/stm32cubeide/plugins/com.st.stm32cube.ide.mcu.externaltools.gnu-tools-for-stm32.9-2020-q2-update.win32_2.0.0.202105311346/tools/bin/../lib/gcc/arm-none-eabi/9.3.1/thumb/v7e-m+fp/hard/crtend.o
 .bss           0x0000000000000000        0x0 c:/st/stm32cubeide_1.7.0/stm32cubeide/plugins/com.st.stm32cube.ide.mcu.externaltools.gnu-tools-for-stm32.9-2020-q2-update.win32_2.0.0.202105311346/tools/bin/../lib/gcc/arm-none-eabi/9.3.1/thumb/v7e-m+fp/hard/crtend.o
 .eh_frame      0x0000000000000000        0x4 c:/st/stm32cubeide_1.7.0/stm32cubeide/plugins/com.st.stm32cube.ide.mcu.externaltools.gnu-tools-for-stm32.9-2020-q2-update.win32_2.0.0.202105311346/tools/bin/../lib/gcc/arm-none-eabi/9.3.1/thumb/v7e-m+fp/hard/crtend.o
 .ARM.attributes
                0x0000000000000000       0x32 c:/st/stm32cubeide_1.7.0/stm32cubeide/plugins/com.st.stm32cube.ide.mcu.externaltools.gnu-tools-for-stm32.9-2020-q2-update.win32_2.0.0.202105311346/tools/bin/../lib/gcc/arm-none-eabi/9.3.1/thumb/v7e-m+fp/hard/crtend.o
 .text          0x0000000000000000        0x0 c:/st/stm32cubeide_1.7.0/stm32cubeide/plugins/com.st.stm32cube.ide.mcu.externaltools.gnu-tools-for-stm32.9-2020-q2-update.win32_2.0.0.202105311346/tools/bin/../lib/gcc/arm-none-eabi/9.3.1/thumb/v7e-m+fp/hard/crtn.o
 .data          0x0000000000000000        0x0 c:/st/stm32cubeide_1.7.0/stm32cubeide/plugins/com.st.stm32cube.ide.mcu.externaltools.gnu-tools-for-stm32.9-2020-q2-update.win32_2.0.0.202105311346/tools/bin/../lib/gcc/arm-none-eabi/9.3.1/thumb/v7e-m+fp/hard/crtn.o
 .bss           0x0000000000000000        0x0 c:/st/stm32cubeide_1.7.0/stm32cubeide/plugins/com.st.stm32cube.ide.mcu.externaltools.gnu-tools-for-stm32.9-2020-q2-update.win32_2.0.0.202105311346/tools/bin/../lib/gcc/arm-none-eabi/9.3.1/thumb/v7e-m+fp/hard/crtn.o

Memory Configuration

Name             Origin             Length             Attributes
RAM              0x0000000020000000 0x0000000000010000 xrw
FLASH            0x0000000008000000 0x0000000000040000 xr
*default*        0x0000000000000000 0xffffffffffffffff

Linker script and memory map

LOAD c:/st/stm32cubeide_1.7.0/stm32cubeide/plugins/com.st.stm32cube.ide.mcu.externaltools.gnu-tools-for-stm32.9-2020-q2-update.win32_2.0.0.202105311346/tools/bin/../lib/gcc/arm-none-eabi/9.3.1/thumb/v7e-m+fp/hard/crti.o
LOAD c:/st/stm32cubeide_1.7.0/stm32cubeide/plugins/com.st.stm32cube.ide.mcu.externaltools.gnu-tools-for-stm32.9-2020-q2-update.win32_2.0.0.202105311346/tools/bin/../lib/gcc/arm-none-eabi/9.3.1/thumb/v7e-m+fp/hard/crtbegin.o
LOAD c:/st/stm32cubeide_1.7.0/stm32cubeide/plugins/com.st.stm32cube.ide.mcu.externaltools.gnu-tools-for-stm32.9-2020-q2-update.win32_2.0.0.202105311346/tools/bin/../lib/gcc/arm-none-eabi/9.3.1/../../../../arm-none-eabi/lib/thumb/v7e-m+fp/hard/crt0.o
LOAD ./Core/Src/GPIO.o
LOAD ./Core/Src/main.o
LOAD ./Core/Src/system_stm32f4xx.o
LOAD ./Core/Startup/startup_stm32f401ccux.o
START GROUP
LOAD c:/st/stm32cubeide_1.7.0/stm32cubeide/plugins/com.st.stm32cube.ide.mcu.externaltools.gnu-tools-for-stm32.9-2020-q2-update.win32_2.0.0.202105311346/tools/bin/../lib/gcc/arm-none-eabi/9.3.1/../../../../arm-none-eabi/lib/thumb/v7e-m+fp/hard\libc_nano.a
LOAD c:/st/stm32cubeide_1.7.0/stm32cubeide/plugins/com.st.stm32cube.ide.mcu.externaltools.gnu-tools-for-stm32.9-2020-q2-update.win32_2.0.0.202105311346/tools/bin/../lib/gcc/arm-none-eabi/9.3.1/../../../../arm-none-eabi/lib/thumb/v7e-m+fp/hard\libm.a
END GROUP
START GROUP
LOAD c:/st/stm32cubeide_1.7.0/stm32cubeide/plugins/com.st.stm32cube.ide.mcu.externaltools.gnu-tools-for-stm32.9-2020-q2-update.win32_2.0.0.202105311346/tools/bin/../lib/gcc/arm-none-eabi/9.3.1/thumb/v7e-m+fp/hard\libgcc.a
LOAD c:/st/stm32cubeide_1.7.0/stm32cubeide/plugins/com.st.stm32cube.ide.mcu.externaltools.gnu-tools-for-stm32.9-2020-q2-update.win32_2.0.0.202105311346/tools/bin/../lib/gcc/arm-none-eabi/9.3.1/../../../../arm-none-eabi/lib/thumb/v7e-m+fp/hard\libc_nano.a
END GROUP
START GROUP
LOAD c:/st/stm32cubeide_1.7.0/stm32cubeide/plugins/com.st.stm32cube.ide.mcu.externaltools.gnu-tools-for-stm32.9-2020-q2-update.win32_2.0.0.202105311346/tools/bin/../lib/gcc/arm-none-eabi/9.3.1/thumb/v7e-m+fp/hard\libgcc.a
LOAD c:/st/stm32cubeide_1.7.0/stm32cubeide/plugins/com.st.stm32cube.ide.mcu.externaltools.gnu-tools-for-stm32.9-2020-q2-update.win32_2.0.0.202105311346/tools/bin/../lib/gcc/arm-none-eabi/9.3.1/../../../../arm-none-eabi/lib/thumb/v7e-m+fp/hard\libc_nano.a
LOAD c:/st/stm32cubeide_1.7.0/stm32cubeide/plugins/com.st.stm32cube.ide.mcu.externaltools.gnu-tools-for-stm32.9-2020-q2-update.win32_2.0.0.202105311346/tools/bin/../lib/gcc/arm-none-eabi/9.3.1/../../../../arm-none-eabi/lib/thumb/v7e-m+fp/hard\libnosys.a
END GROUP
START GROUP
LOAD c:/st/stm32cubeide_1.7.0/stm32cubeide/plugins/com.st.stm32cube.ide.mcu.externaltools.gnu-tools-for-stm32.9-2020-q2-update.win32_2.0.0.202105311346/tools/bin/../lib/gcc/arm-none-eabi/9.3.1/thumb/v7e-m+fp/hard\libgcc.a
LOAD c:/st/stm32cubeide_1.7.0/stm32cubeide/plugins/com.st.stm32cube.ide.mcu.externaltools.gnu-tools-for-stm32.9-2020-q2-update.win32_2.0.0.202105311346/tools/bin/../lib/gcc/arm-none-eabi/9.3.1/../../../../arm-none-eabi/lib/thumb/v7e-m+fp/hard\libc_nano.a
LOAD c:/st/stm32cubeide_1.7.0/stm32cubeide/plugins/com.st.stm32cube.ide.mcu.externaltools.gnu-tools-for-stm32.9-2020-q2-update.win32_2.0.0.202105311346/tools/bin/../lib/gcc/arm-none-eabi/9.3.1/../../../../arm-none-eabi/lib/thumb/v7e-m+fp/hard\libnosys.a
END GROUP
LOAD c:/st/stm32cubeide_1.7.0/stm32cubeide/plugins/com.st.stm32cube.ide.mcu.externaltools.gnu-tools-for-stm32.9-2020-q2-update.win32_2.0.0.202105311346/tools/bin/../lib/gcc/arm-none-eabi/9.3.1/thumb/v7e-m+fp/hard/crtend.o
LOAD c:/st/stm32cubeide_1.7.0/stm32cubeide/plugins/com.st.stm32cube.ide.mcu.externaltools.gnu-tools-for-stm32.9-2020-q2-update.win32_2.0.0.202105311346/tools/bin/../lib/gcc/arm-none-eabi/9.3.1/thumb/v7e-m+fp/hard/crtn.o
                0x0000000020010000                _estack = (ORIGIN (RAM) + LENGTH (RAM))
                0x0000000000000200                _Min_Heap_Size = 0x200
                0x0000000000000400                _Min_Stack_Size = 0x400

.isr_vector     0x0000000008000000      0x194
                0x0000000008000000                . = ALIGN (0x4)
 *(.isr_vector)
 .isr_vector    0x0000000008000000      0x194 ./Core/Startup/startup_stm32f401ccux.o
                0x0000000008000000                g_pfnVectors
                0x0000000008000194                . = ALIGN (0x4)

.text           0x0000000008000194      0x75c
                0x0000000008000194                . = ALIGN (0x4)
 *(.text)
 .text          0x0000000008000194       0x40 c:/st/stm32cubeide_1.7.0/stm32cubeide/plugins/com.st.stm32cube.ide.mcu.externaltools.gnu-tools-for-stm32.9-2020-q2-update.win32_2.0.0.202105311346/tools/bin/../lib/gcc/arm-none-eabi/9.3.1/thumb/v7e-m+fp/hard/crtbegin.o
 *(.text*)
 .text.GPIO_EnableClock
                0x00000000080001d4       0x7c ./Core/Src/GPIO.o
                0x00000000080001d4                GPIO_EnableClock
 .text.GPIO_Init
                0x0000000008000250      0x15c ./Core/Src/GPIO.o
                0x0000000008000250                GPIO_Init
 .text.GPIO_WritePin
                0x00000000080003ac       0xc0 ./Core/Src/GPIO.o
                0x00000000080003ac                GPIO_WritePin
 .text.SevenSegment_Update
                0x000000000800046c       0xa8 ./Core/Src/main.o
                0x000000000800046c                SevenSegment_Update
 .text.Delay_fn
                0x0000000008000514       0x26 ./Core/Src/main.o
                0x0000000008000514                Delay_fn
 *fill*         0x000000000800053a        0x2 
 .text.Increament
                0x000000000800053c       0x30 ./Core/Src/main.o
                0x000000000800053c                Increament
 .text.Decrement
                0x000000000800056c       0x30 ./Core/Src/main.o
                0x000000000800056c                Decrement
 .text.main     0x000000000800059c      0x27c ./Core/Src/main.o
                0x000000000800059c                main
 .text.SystemInit
                0x0000000008000818       0x24 ./Core/Src/system_stm32f4xx.o
                0x0000000008000818                SystemInit
 .text.Reset_Handler
                0x000000000800083c       0x50 ./Core/Startup/startup_stm32f401ccux.o
                0x000000000800083c                Reset_Handler
 .text.Default_Handler
                0x000000000800088c        0x2 ./Core/Startup/startup_stm32f401ccux.o
                0x000000000800088c                RTC_Alarm_IRQHandler
                0x000000000800088c                EXTI2_IRQHandler
                0x000000000800088c                DebugMon_Handler
                0x000000000800088c                SPI4_IRQHandler
                0x000000000800088c                TIM1_CC_IRQHandler
                0x000000000800088c                DMA2_Stream5_IRQHandler
                0x000000000800088c                HardFault_Handler
                0x000000000800088c                DMA1_Stream5_IRQHandler
                0x000000000800088c                SysTick_Handler
                0x000000000800088c                PVD_IRQHandler
                0x000000000800088c                SDIO_IRQHandler
                0x000000000800088c                TAMP_STAMP_IRQHandler
                0x000000000800088c                PendSV_Handler
                0x000000000800088c                NMI_Handler
                0x000000000800088c                EXTI3_IRQHandler
                0x000000000800088c                TIM1_UP_TIM10_IRQHandler
                0x000000000800088c                I2C3_ER_IRQHandler
                0x000000000800088c                EXTI0_IRQHandler
                0x000000000800088c                I2C2_EV_IRQHandler
                0x000000000800088c                DMA1_Stream2_IRQHandler
                0x000000000800088c                FPU_IRQHandler
                0x000000000800088c                UsageFault_Handler
                0x000000000800088c                DMA2_Stream2_IRQHandler
                0x000000000800088c                SPI1_IRQHandler
                0x000000000800088c                TIM1_BRK_TIM9_IRQHandler
                0x000000000800088c                DMA2_Stream3_IRQHandler
                0x000000000800088c                USART6_IRQHandler
                0x000000000800088c                DMA2_Stream0_IRQHandler
                0x000000000800088c                TIM4_IRQHandler
                0x000000000800088c                I2C1_EV_IRQHandler
                0x000000000800088c                DMA1_Stream6_IRQHandler
                0x000000000800088c                DMA1_Stream1_IRQHandler
                0x000000000800088c                TIM3_IRQHandler
                0x000000000800088c                RCC_IRQHandler
                0x000000000800088c                Default_Handler
                0x000000000800088c                EXTI15_10_IRQHandler
                0x000000000800088c                ADC_IRQHandler
                0x000000000800088c                DMA1_Stream7_IRQHandler
                0x000000000800088c                TIM5_IRQHandler
                0x000000000800088c                DMA2_Stream7_IRQHandler
                0x000000000800088c                I2C3_EV_IRQHandler
                0x000000000800088c                EXTI9_5_IRQHandler
                0x000000000800088c                RTC_WKUP_IRQHandler
                0x000000000800088c                SPI2_IRQHandler
                0x000000000800088c                MemManage_Handler
                0x000000000800088c                DMA1_Stream0_IRQHandler
                0x000000000800088c                SVC_Handler
                0x000000000800088c                EXTI4_IRQHandler
                0x000000000800088c                WWDG_IRQHandler
                0x000000000800088c                TIM2_IRQHandler
                0x000000000800088c                OTG_FS_WKUP_IRQHandler
                0x000000000800088c                TIM1_TRG_COM_TIM11_IRQHandler
                0x000000000800088c                EXTI1_IRQHandler
                0x000000000800088c                USART2_IRQHandler
                0x000000000800088c                I2C2_ER_IRQHandler
                0x000000000800088c                DMA2_Stream1_IRQHandler
                0x000000000800088c                FLASH_IRQHandler
                0x000000000800088c                DMA2_Stream4_IRQHandler
                0x000000000800088c                BusFault_Handler
                0x000000000800088c                USART1_IRQHandler
                0x000000000800088c                OTG_FS_IRQHandler
                0x000000000800088c                SPI3_IRQHandler
                0x000000000800088c                DMA1_Stream4_IRQHandler
                0x000000000800088c                I2C1_ER_IRQHandler
                0x000000000800088c                DMA2_Stream6_IRQHandler
                0x000000000800088c                DMA1_Stream3_IRQHandler
 *fill*         0x000000000800088e        0x2 
 .text.__libc_init_array
                0x0000000008000890       0x48 c:/st/stm32cubeide_1.7.0/stm32cubeide/plugins/com.st.stm32cube.ide.mcu.externaltools.gnu-tools-for-stm32.9-2020-q2-update.win32_2.0.0.202105311346/tools/bin/../lib/gcc/arm-none-eabi/9.3.1/../../../../arm-none-eabi/lib/thumb/v7e-m+fp/hard\libc_nano.a(lib_a-init.o)
                0x0000000008000890                __libc_init_array
 *(.glue_7)
 .glue_7        0x00000000080008d8        0x0 linker stubs
 *(.glue_7t)
 .glue_7t       0x00000000080008d8        0x0 linker stubs
 *(.eh_frame)
 .eh_frame      0x00000000080008d8        0x0 c:/st/stm32cubeide_1.7.0/stm32cubeide/plugins/com.st.stm32cube.ide.mcu.externaltools.gnu-tools-for-stm32.9-2020-q2-update.win32_2.0.0.202105311346/tools/bin/../lib/gcc/arm-none-eabi/9.3.1/thumb/v7e-m+fp/hard/crtbegin.o
 *(.init)
 .init          0x00000000080008d8        0x4 c:/st/stm32cubeide_1.7.0/stm32cubeide/plugins/com.st.stm32cube.ide.mcu.externaltools.gnu-tools-for-stm32.9-2020-q2-update.win32_2.0.0.202105311346/tools/bin/../lib/gcc/arm-none-eabi/9.3.1/thumb/v7e-m+fp/hard/crti.o
                0x00000000080008d8                _init
 .init          0x00000000080008dc        0x8 c:/st/stm32cubeide_1.7.0/stm32cubeide/plugins/com.st.stm32cube.ide.mcu.externaltools.gnu-tools-for-stm32.9-2020-q2-update.win32_2.0.0.202105311346/tools/bin/../lib/gcc/arm-none-eabi/9.3.1/thumb/v7e-m+fp/hard/crtn.o
 *(.fini)
 .fini          0x00000000080008e4        0x4 c:/st/stm32cubeide_1.7.0/stm32cubeide/plugins/com.st.stm32cube.ide.mcu.externaltools.gnu-tools-for-stm32.9-2020-q2-update.win32_2.0.0.202105311346/tools/bin/../lib/gcc/arm-none-eabi/9.3.1/thumb/v7e-m+fp/hard/crti.o
                0x00000000080008e4                _fini
 .fini          0x00000000080008e8        0x8 c:/st/stm32cubeide_1.7.0/stm32cubeide/plugins/com.st.stm32cube.ide.mcu.externaltools.gnu-tools-for-stm32.9-2020-q2-update.win32_2.0.0.202105311346/tools/bin/../lib/gcc/arm-none-eabi/9.3.1/thumb/v7e-m+fp/hard/crtn.o
                0x00000000080008f0                . = ALIGN (0x4)
                0x00000000080008f0                _etext = .

.vfp11_veneer   0x00000000080008f0        0x0
 .vfp11_veneer  0x00000000080008f0        0x0 linker stubs

.v4_bx          0x00000000080008f0        0x0
 .v4_bx         0x00000000080008f0        0x0 linker stubs

.iplt           0x00000000080008f0        0x0
 .iplt          0x00000000080008f0        0x0 c:/st/stm32cubeide_1.7.0/stm32cubeide/plugins/com.st.stm32cube.ide.mcu.externaltools.gnu-tools-for-stm32.9-2020-q2-update.win32_2.0.0.202105311346/tools/bin/../lib/gcc/arm-none-eabi/9.3.1/thumb/v7e-m+fp/hard/crtbegin.o

.rel.dyn        0x00000000080008f0        0x0
 .rel.iplt      0x00000000080008f0        0x0 c:/st/stm32cubeide_1.7.0/stm32cubeide/plugins/com.st.stm32cube.ide.mcu.externaltools.gnu-tools-for-stm32.9-2020-q2-update.win32_2.0.0.202105311346/tools/bin/../lib/gcc/arm-none-eabi/9.3.1/thumb/v7e-m+fp/hard/crtbegin.o

.rodata         0x00000000080008f0        0x0
                0x00000000080008f0                . = ALIGN (0x4)
 *(.rodata)
 *(.rodata*)
                0x00000000080008f0                . = ALIGN (0x4)

.ARM.extab      0x00000000080008f0        0x0
                0x00000000080008f0                . = ALIGN (0x4)
 *(.ARM.extab* .gnu.linkonce.armextab.*)
                0x00000000080008f0                . = ALIGN (0x4)

.ARM            0x00000000080008f0        0x0
                0x00000000080008f0                . = ALIGN (0x4)
                0x00000000080008f0                __exidx_start = .
 *(.ARM.exidx*)
                0x00000000080008f0                __exidx_end = .
                0x00000000080008f0                . = ALIGN (0x4)

.preinit_array  0x00000000080008f0        0x0
                0x00000000080008f0                . = ALIGN (0x4)
                0x00000000080008f0                PROVIDE (__preinit_array_start = .)
 *(.preinit_array*)
                0x00000000080008f0                PROVIDE (__preinit_array_end = .)
                0x00000000080008f0                . = ALIGN (0x4)

.init_array     0x00000000080008f0        0x4
                0x00000000080008f0                . = ALIGN (0x4)
                0x00000000080008f0                PROVIDE (__init_array_start = .)
 *(SORT_BY_NAME(.init_array.*))
 *(.init_array*)
 .init_array    0x00000000080008f0        0x4 c:/st/stm32cubeide_1.7.0/stm32cubeide/plugins/com.st.stm32cube.ide.mcu.externaltools.gnu-tools-for-stm32.9-2020-q2-update.win32_2.0.0.202105311346/tools/bin/../lib/gcc/arm-none-eabi/9.3.1/thumb/v7e-m+fp/hard/crtbegin.o
                0x00000000080008f4                PROVIDE (__init_array_end = .)
                0x00000000080008f4                . = ALIGN (0x4)

.fini_array     0x00000000080008f4        0x4
                0x00000000080008f4                . = ALIGN (0x4)
                [!provide]                        PROVIDE (__fini_array_start = .)
 *(SORT_BY_NAME(.fini_array.*))
 *(.fini_array*)
 .fini_array    0x00000000080008f4        0x4 c:/st/stm32cubeide_1.7.0/stm32cubeide/plugins/com.st.stm32cube.ide.mcu.externaltools.gnu-tools-for-stm32.9-2020-q2-update.win32_2.0.0.202105311346/tools/bin/../lib/gcc/arm-none-eabi/9.3.1/thumb/v7e-m+fp/hard/crtbegin.o
                [!provide]                        PROVIDE (__fini_array_end = .)
                0x00000000080008f8                . = ALIGN (0x4)
                0x00000000080008f8                _sidata = LOADADDR (.data)

.data           0x0000000020000000       0xa4 load address 0x00000000080008f8
                0x0000000020000000                . = ALIGN (0x4)
                0x0000000020000000                _sdata = .
 *(.data)
 *(.data*)
 .data.bass_add
                0x0000000020000000       0x58 ./Core/Src/GPIO.o
                0x0000000020000000                bass_add
 .data.EXT_REGS
                0x0000000020000058       0x20 ./Core/Src/main.o
                0x0000000020000058                EXT_REGS
 .data.segmentNumber
                0x0000000020000078       0x2c ./Core/Src/main.o
                0x0000000020000078                segmentNumber
 *(.RamFunc)
 *(.RamFunc*)
                0x00000000200000a4                . = ALIGN (0x4)
                0x00000000200000a4                _edata = .

.igot.plt       0x00000000200000a4        0x0 load address 0x000000000800099c
 .igot.plt      0x00000000200000a4        0x0 c:/st/stm32cubeide_1.7.0/stm32cubeide/plugins/com.st.stm32cube.ide.mcu.externaltools.gnu-tools-for-stm32.9-2020-q2-update.win32_2.0.0.202105311346/tools/bin/../lib/gcc/arm-none-eabi/9.3.1/thumb/v7e-m+fp/hard/crtbegin.o
                0x00000000200000a4                . = ALIGN (0x4)

.bss            0x00000000200000a4       0x34 load address 0x000000000800099c
                0x00000000200000a4                _sbss = .
                0x00000000200000a4                __bss_start__ = _sbss
 *(.bss)
 .bss           0x00000000200000a4       0x1c c:/st/stm32cubeide_1.7.0/stm32cubeide/plugins/com.st.stm32cube.ide.mcu.externaltools.gnu-tools-for-stm32.9-2020-q2-update.win32_2.0.0.202105311346/tools/bin/../lib/gcc/arm-none-eabi/9.3.1/thumb/v7e-m+fp/hard/crtbegin.o
 *(.bss*)
 .bss.counter   0x00000000200000c0        0x4 ./Core/Src/main.o
                0x00000000200000c0                counter
 *(COMMON)
 COMMON         0x00000000200000c4       0x14 ./Core/Src/main.o
                0x00000000200000c4                temp2
                0x00000000200000c8                temp5
                0x00000000200000cc                temp1
                0x00000000200000d0                temp4
                0x00000000200000d4                temp3
                0x00000000200000d8                . = ALIGN (0x4)
                0x00000000200000d8                _ebss = .
                0x00000000200000d8                __bss_end__ = _ebss

._user_heap_stack
                0x00000000200000d8      0x600 load address 0x000000000800099c
                0x00000000200000d8                . = ALIGN (0x8)
                [!provide]                        PROVIDE (end = .)
                [!provide]                        PROVIDE (_end = .)
                0x00000000200002d8                . = (. + _Min_Heap_Size)
 *fill*         0x00000000200000d8      0x200 
                0x00000000200006d8                . = (. + _Min_Stack_Size)
 *fill*         0x00000000200002d8      0x400 
                0x00000000200006d8                . = ALIGN (0x8)

/DISCARD/
 libc.a(*)
 libm.a(*)
 libgcc.a(*)

.ARM.attributes
                0x0000000000000000       0x30
 *(.ARM.attributes)
 .ARM.attributes
                0x0000000000000000       0x1e c:/st/stm32cubeide_1.7.0/stm32cubeide/plugins/com.st.stm32cube.ide.mcu.externaltools.gnu-tools-for-stm32.9-2020-q2-update.win32_2.0.0.202105311346/tools/bin/../lib/gcc/arm-none-eabi/9.3.1/thumb/v7e-m+fp/hard/crti.o
 .ARM.attributes
                0x000000000000001e       0x34 c:/st/stm32cubeide_1.7.0/stm32cubeide/plugins/com.st.stm32cube.ide.mcu.externaltools.gnu-tools-for-stm32.9-2020-q2-update.win32_2.0.0.202105311346/tools/bin/../lib/gcc/arm-none-eabi/9.3.1/thumb/v7e-m+fp/hard/crtbegin.o
 .ARM.attributes
                0x0000000000000052       0x34 ./Core/Src/GPIO.o
 .ARM.attributes
                0x0000000000000086       0x34 ./Core/Src/main.o
 .ARM.attributes
                0x00000000000000ba       0x34 ./Core/Src/system_stm32f4xx.o
 .ARM.attributes
                0x00000000000000ee       0x21 ./Core/Startup/startup_stm32f401ccux.o
 .ARM.attributes
                0x000000000000010f       0x34 c:/st/stm32cubeide_1.7.0/stm32cubeide/plugins/com.st.stm32cube.ide.mcu.externaltools.gnu-tools-for-stm32.9-2020-q2-update.win32_2.0.0.202105311346/tools/bin/../lib/gcc/arm-none-eabi/9.3.1/../../../../arm-none-eabi/lib/thumb/v7e-m+fp/hard\libc_nano.a(lib_a-init.o)
 .ARM.attributes
                0x0000000000000143       0x1e c:/st/stm32cubeide_1.7.0/stm32cubeide/plugins/com.st.stm32cube.ide.mcu.externaltools.gnu-tools-for-stm32.9-2020-q2-update.win32_2.0.0.202105311346/tools/bin/../lib/gcc/arm-none-eabi/9.3.1/thumb/v7e-m+fp/hard/crtn.o
OUTPUT(4digits.elf elf32-littlearm)
LOAD linker stubs
LOAD c:/st/stm32cubeide_1.7.0/stm32cubeide/plugins/com.st.stm32cube.ide.mcu.externaltools.gnu-tools-for-stm32.9-2020-q2-update.win32_2.0.0.202105311346/tools/bin/../lib/gcc/arm-none-eabi/9.3.1/../../../../arm-none-eabi/lib/thumb/v7e-m+fp/hard\libc.a
LOAD c:/st/stm32cubeide_1.7.0/stm32cubeide/plugins/com.st.stm32cube.ide.mcu.externaltools.gnu-tools-for-stm32.9-2020-q2-update.win32_2.0.0.202105311346/tools/bin/../lib/gcc/arm-none-eabi/9.3.1/../../../../arm-none-eabi/lib/thumb/v7e-m+fp/hard\libm.a
LOAD c:/st/stm32cubeide_1.7.0/stm32cubeide/plugins/com.st.stm32cube.ide.mcu.externaltools.gnu-tools-for-stm32.9-2020-q2-update.win32_2.0.0.202105311346/tools/bin/../lib/gcc/arm-none-eabi/9.3.1/thumb/v7e-m+fp/hard\libgcc.a

.debug_info     0x0000000000000000      0xa71
 .debug_info    0x0000000000000000      0x25f ./Core/Src/GPIO.o
 .debug_info    0x000000000000025f      0x27e ./Core/Src/main.o
 .debug_info    0x00000000000004dd      0x572 ./Core/Src/system_stm32f4xx.o
 .debug_info    0x0000000000000a4f       0x22 ./Core/Startup/startup_stm32f401ccux.o

.debug_abbrev   0x0000000000000000      0x397
 .debug_abbrev  0x0000000000000000      0x114 ./Core/Src/GPIO.o
 .debug_abbrev  0x0000000000000114      0x148 ./Core/Src/main.o
 .debug_abbrev  0x000000000000025c      0x129 ./Core/Src/system_stm32f4xx.o
 .debug_abbrev  0x0000000000000385       0x12 ./Core/Startup/startup_stm32f401ccux.o

.debug_aranges  0x0000000000000000       0xc8
 .debug_aranges
                0x0000000000000000       0x38 ./Core/Src/GPIO.o
 .debug_aranges
                0x0000000000000038       0x40 ./Core/Src/main.o
 .debug_aranges
                0x0000000000000078       0x28 ./Core/Src/system_stm32f4xx.o
 .debug_aranges
                0x00000000000000a0       0x28 ./Core/Startup/startup_stm32f401ccux.o

.debug_ranges   0x0000000000000000       0x90
 .debug_ranges  0x0000000000000000       0x28 ./Core/Src/GPIO.o
 .debug_ranges  0x0000000000000028       0x30 ./Core/Src/main.o
 .debug_ranges  0x0000000000000058       0x18 ./Core/Src/system_stm32f4xx.o
 .debug_ranges  0x0000000000000070       0x20 ./Core/Startup/startup_stm32f401ccux.o

.debug_macro    0x0000000000000000     0xde28
 .debug_macro   0x0000000000000000      0x16a ./Core/Src/GPIO.o
 .debug_macro   0x000000000000016a      0xaa2 ./Core/Src/GPIO.o
 .debug_macro   0x0000000000000c0c       0x28 ./Core/Src/GPIO.o
 .debug_macro   0x0000000000000c34       0x22 ./Core/Src/GPIO.o
 .debug_macro   0x0000000000000c56       0x8e ./Core/Src/GPIO.o
 .debug_macro   0x0000000000000ce4       0x51 ./Core/Src/GPIO.o
 .debug_macro   0x0000000000000d35      0x103 ./Core/Src/GPIO.o
 .debug_macro   0x0000000000000e38       0x6a ./Core/Src/GPIO.o
 .debug_macro   0x0000000000000ea2      0x1df ./Core/Src/GPIO.o
 .debug_macro   0x0000000000001081       0x1c ./Core/Src/GPIO.o
 .debug_macro   0x000000000000109d       0x22 ./Core/Src/GPIO.o
 .debug_macro   0x00000000000010bf       0xdf ./Core/Src/GPIO.o
 .debug_macro   0x000000000000119e     0x102d ./Core/Src/GPIO.o
 .debug_macro   0x00000000000021cb      0x11f ./Core/Src/GPIO.o
 .debug_macro   0x00000000000022ea     0xb86c ./Core/Src/GPIO.o
 .debug_macro   0x000000000000db56       0x46 ./Core/Src/GPIO.o
 .debug_macro   0x000000000000db9c       0xd7 ./Core/Src/main.o
 .debug_macro   0x000000000000dc73       0x40 ./Core/Src/main.o
 .debug_macro   0x000000000000dcb3       0xda ./Core/Src/system_stm32f4xx.o
 .debug_macro   0x000000000000dd8d       0x2e ./Core/Src/system_stm32f4xx.o
 .debug_macro   0x000000000000ddbb       0x6d ./Core/Src/system_stm32f4xx.o

.debug_line     0x0000000000000000     0x11a0
 .debug_line    0x0000000000000000      0x593 ./Core/Src/GPIO.o
 .debug_line    0x0000000000000593      0x693 ./Core/Src/main.o
 .debug_line    0x0000000000000c26      0x4f2 ./Core/Src/system_stm32f4xx.o
 .debug_line    0x0000000000001118       0x88 ./Core/Startup/startup_stm32f401ccux.o

.debug_str      0x0000000000000000    0x4fd2c
 .debug_str     0x0000000000000000    0x4f1b3 ./Core/Src/GPIO.o
                                      0x4f327 (size before relaxing)
 .debug_str     0x000000000004f1b3      0x223 ./Core/Src/main.o
                                      0x4f113 (size before relaxing)
 .debug_str     0x000000000004f3d6      0x920 ./Core/Src/system_stm32f4xx.o
                                      0x4f6c1 (size before relaxing)
 .debug_str     0x000000000004fcf6       0x36 ./Core/Startup/startup_stm32f401ccux.o
                                         0x6a (size before relaxing)

.comment        0x0000000000000000       0x53
 .comment       0x0000000000000000       0x53 ./Core/Src/GPIO.o
                                         0x54 (size before relaxing)
 .comment       0x0000000000000053       0x54 ./Core/Src/main.o
 .comment       0x0000000000000053       0x54 ./Core/Src/system_stm32f4xx.o

.debug_frame    0x0000000000000000      0x1f8
 .debug_frame   0x0000000000000000       0xb8 ./Core/Src/GPIO.o
 .debug_frame   0x00000000000000b8       0xbc ./Core/Src/main.o
 .debug_frame   0x0000000000000174       0x58 ./Core/Src/system_stm32f4xx.o
 .debug_frame   0x00000000000001cc       0x2c c:/st/stm32cubeide_1.7.0/stm32cubeide/plugins/com.st.stm32cube.ide.mcu.externaltools.gnu-tools-for-stm32.9-2020-q2-update.win32_2.0.0.202105311346/tools/bin/../lib/gcc/arm-none-eabi/9.3.1/../../../../arm-none-eabi/lib/thumb/v7e-m+fp/hard\libc_nano.a(lib_a-init.o)
